// Jest Snapshot v1, https://goo.gl/fbAQLP

exports[`<Explorer /> render equals snapshot 1`] = `
<div
  data-testid="ut-front-test"
>
  <div
    class="p-d-flex p-flex-column"
    style="height: 100%;"
  >
    <div
      class="p-toolbar p-component"
      role="toolbar"
    >
      <div
        class="p-toolbar-group-left"
      >
        <button
          class="p-button p-component p-mr-2 p-button-icon-only"
        >
          <span
            class="p-button-icon p-c pi pi-bars"
          />
          <span
            class="p-button-label p-c"
          >
             
          </span>
        </button>
      </div>
      <div
        class="p-toolbar-group-right"
      >
        <button
          class="p-button p-component p-mr-2 p-button-icon-only"
        >
          <span
            class="p-button-icon p-c pi pi-bars"
          />
          <span
            class="p-button-label p-c"
          >
             
          </span>
        </button>
      </div>
    </div>
    <div
      class="p-splitter p-component p-splitter-horizontal"
      style="flex-grow: 1;"
    >
      <div
        class="p-splitter-panel"
        style="flex-basis: calc(15% - 8px);"
      />
      <div
        class="p-splitter-gutter"
        style="width: 4px;"
      >
        <div
          class="p-splitter-gutter-handle"
        />
      </div>
      <div
        class="p-splitter-panel"
        style="flex-basis: calc(75% - 8px);"
      >
        <div
          class="p-datatable p-component p-datatable-auto-layout p-datatable-hoverable-rows"
          data-scrollselectors=".p-datatable-scrollable-body, .p-datatable-unfrozen-view .p-datatable-scrollable-body"
        >
          <div
            class="p-datatable-wrapper"
          >
            <table
              role="grid"
            >
              <thead
                class="p-datatable-thead"
              >
                <tr
                  role="row"
                >
                  <th
                    class="p-sortable-disabled p-selection-column"
                    role="columnheader"
                    style="width: 3em;"
                  >
                    <span
                      class="p-column-title"
                    />
                  </th>
                  <th
                    class="p-sortable-disabled"
                    role="columnheader"
                  >
                    <span
                      class="p-column-title"
                    >
                      Name
                    </span>
                  </th>
                  <th
                    class="p-sortable-disabled"
                    role="columnheader"
                  >
                    <span
                      class="p-column-title"
                    >
                      Size
                    </span>
                  </th>
                </tr>
                <tr
                  role="row"
                >
                  <th
                    class="p-filter-column"
                    role="columnheader"
                    style="width: 3em;"
                  >
                    <div
                      class="p-checkbox p-component"
                    >
                      <div
                        class="p-checkbox-box p-component p-clickable"
                        role="checkbox"
                        tabindex="0"
                      >
                        <span
                          class="p-checkbox-icon p-clickable"
                        />
                      </div>
                    </div>
                  </th>
                  <th
                    class="p-filter-column"
                    role="columnheader"
                  >
                    <input
                      class="p-inputtext p-component"
                      placeholder="Filter by Name"
                      type="text"
                      value=""
                    />
                  </th>
                  <th
                    class="p-filter-column"
                    role="columnheader"
                  />
                </tr>
              </thead>
              <tbody
                class="p-datatable-tbody"
              >
                <tr
                  class="p-selectable-row"
                  role="row"
                >
                  <td
                    class="p-selection-column"
                    role="cell"
                    style="width: 3em;"
                  >
                    <div
                      class="p-checkbox p-component"
                    >
                      <div
                        aria-checked="false"
                        class="p-checkbox-box p-component p-clickable"
                        role="checkbox"
                        tabindex="0"
                      >
                        <span
                          class="p-checkbox-icon p-clickable"
                        />
                      </div>
                    </div>
                  </td>
                  <td
                    class=""
                    role="cell"
                  >
                    Item 0
                  </td>
                  <td
                    class=""
                    role="cell"
                  >
                    0
                  </td>
                </tr>
                <tr
                  class="p-selectable-row p-row-odd"
                  role="row"
                >
                  <td
                    class="p-selection-column"
                    role="cell"
                    style="width: 3em;"
                  >
                    <div
                      class="p-checkbox p-component"
                    >
                      <div
                        aria-checked="false"
                        class="p-checkbox-box p-component p-clickable"
                        role="checkbox"
                        tabindex="0"
                      >
                        <span
                          class="p-checkbox-icon p-clickable"
                        />
                      </div>
                    </div>
                  </td>
                  <td
                    class=""
                    role="cell"
                  >
                    Item 1
                  </td>
                  <td
                    class=""
                    role="cell"
                  >
                    10
                  </td>
                </tr>
                <tr
                  class="p-selectable-row"
                  role="row"
                >
                  <td
                    class="p-selection-column"
                    role="cell"
                    style="width: 3em;"
                  >
                    <div
                      class="p-checkbox p-component"
                    >
                      <div
                        aria-checked="false"
                        class="p-checkbox-box p-component p-clickable"
                        role="checkbox"
                        tabindex="0"
                      >
                        <span
                          class="p-checkbox-icon p-clickable"
                        />
                      </div>
                    </div>
                  </td>
                  <td
                    class=""
                    role="cell"
                  >
                    Item 2
                  </td>
                  <td
                    class=""
                    role="cell"
                  >
                    20
                  </td>
                </tr>
                <tr
                  class="p-selectable-row p-row-odd"
                  role="row"
                >
                  <td
                    class="p-selection-column"
                    role="cell"
                    style="width: 3em;"
                  >
                    <div
                      class="p-checkbox p-component"
                    >
                      <div
                        aria-checked="false"
                        class="p-checkbox-box p-component p-clickable"
                        role="checkbox"
                        tabindex="0"
                      >
                        <span
                          class="p-checkbox-icon p-clickable"
                        />
                      </div>
                    </div>
                  </td>
                  <td
                    class=""
                    role="cell"
                  >
                    Item 3
                  </td>
                  <td
                    class=""
                    role="cell"
                  >
                    30
                  </td>
                </tr>
                <tr
                  class="p-selectable-row"
                  role="row"
                >
                  <td
                    class="p-selection-column"
                    role="cell"
                    style="width: 3em;"
                  >
                    <div
                      class="p-checkbox p-component"
                    >
                      <div
                        aria-checked="false"
                        class="p-checkbox-box p-component p-clickable"
                        role="checkbox"
                        tabindex="0"
                      >
                        <span
                          class="p-checkbox-icon p-clickable"
                        />
                      </div>
                    </div>
                  </td>
                  <td
                    class=""
                    role="cell"
                  >
                    Item 4
                  </td>
                  <td
                    class=""
                    role="cell"
                  >
                    40
                  </td>
                </tr>
                <tr
                  class="p-selectable-row p-row-odd"
                  role="row"
                >
                  <td
                    class="p-selection-column"
                    role="cell"
                    style="width: 3em;"
                  >
                    <div
                      class="p-checkbox p-component"
                    >
                      <div
                        aria-checked="false"
                        class="p-checkbox-box p-component p-clickable"
                        role="checkbox"
                        tabindex="0"
                      >
                        <span
                          class="p-checkbox-icon p-clickable"
                        />
                      </div>
                    </div>
                  </td>
                  <td
                    class=""
                    role="cell"
                  >
                    Item 5
                  </td>
                  <td
                    class=""
                    role="cell"
                  >
                    50
                  </td>
                </tr>
                <tr
                  class="p-selectable-row"
                  role="row"
                >
                  <td
                    class="p-selection-column"
                    role="cell"
                    style="width: 3em;"
                  >
                    <div
                      class="p-checkbox p-component"
                    >
                      <div
                        aria-checked="false"
                        class="p-checkbox-box p-component p-clickable"
                        role="checkbox"
                        tabindex="0"
                      >
                        <span
                          class="p-checkbox-icon p-clickable"
                        />
                      </div>
                    </div>
                  </td>
                  <td
                    class=""
                    role="cell"
                  >
                    Item 6
                  </td>
                  <td
                    class=""
                    role="cell"
                  >
                    60
                  </td>
                </tr>
                <tr
                  class="p-selectable-row p-row-odd"
                  role="row"
                >
                  <td
                    class="p-selection-column"
                    role="cell"
                    style="width: 3em;"
                  >
                    <div
                      class="p-checkbox p-component"
                    >
                      <div
                        aria-checked="false"
                        class="p-checkbox-box p-component p-clickable"
                        role="checkbox"
                        tabindex="0"
                      >
                        <span
                          class="p-checkbox-icon p-clickable"
                        />
                      </div>
                    </div>
                  </td>
                  <td
                    class=""
                    role="cell"
                  >
                    Item 7
                  </td>
                  <td
                    class=""
                    role="cell"
                  >
                    70
                  </td>
                </tr>
                <tr
                  class="p-selectable-row"
                  role="row"
                >
                  <td
                    class="p-selection-column"
                    role="cell"
                    style="width: 3em;"
                  >
                    <div
                      class="p-checkbox p-component"
                    >
                      <div
                        aria-checked="false"
                        class="p-checkbox-box p-component p-clickable"
                        role="checkbox"
                        tabindex="0"
                      >
                        <span
                          class="p-checkbox-icon p-clickable"
                        />
                      </div>
                    </div>
                  </td>
                  <td
                    class=""
                    role="cell"
                  >
                    Item 8
                  </td>
                  <td
                    class=""
                    role="cell"
                  >
                    80
                  </td>
                </tr>
                <tr
                  class="p-selectable-row p-row-odd"
                  role="row"
                >
                  <td
                    class="p-selection-column"
                    role="cell"
                    style="width: 3em;"
                  >
                    <div
                      class="p-checkbox p-component"
                    >
                      <div
                        aria-checked="false"
                        class="p-checkbox-box p-component p-clickable"
                        role="checkbox"
                        tabindex="0"
                      >
                        <span
                          class="p-checkbox-icon p-clickable"
                        />
                      </div>
                    </div>
                  </td>
                  <td
                    class=""
                    role="cell"
                  >
                    Item 9
                  </td>
                  <td
                    class=""
                    role="cell"
                  >
                    90
                  </td>
                </tr>
              </tbody>
            </table>
          </div>
          <div
            class="p-paginator p-component p-paginator-bottom"
          >
            <button
              class="p-paginator-first p-paginator-element p-link p-disabled"
              disabled=""
              type="button"
            >
              <span
                class="p-paginator-icon pi pi-angle-double-left"
              />
            </button>
            <button
              class="p-paginator-prev p-paginator-element p-link p-disabled"
              disabled=""
              type="button"
            >
              <span
                class="p-paginator-icon pi pi-angle-left"
              />
            </button>
            <span
              class="p-paginator-pages"
            >
              <button
                class="p-paginator-page p-paginator-element p-link p-paginator-page-start p-highlight"
                type="button"
              >
                1
              </button>
              <button
                class="p-paginator-page p-paginator-element p-link"
                type="button"
              >
                2
              </button>
              <button
                class="p-paginator-page p-paginator-element p-link"
                type="button"
              >
                3
              </button>
              <button
                class="p-paginator-page p-paginator-element p-link"
                type="button"
              >
                4
              </button>
              <button
                class="p-paginator-page p-paginator-element p-link p-paginator-page-end"
                type="button"
              >
                5
              </button>
            </span>
            <button
              class="p-paginator-next p-paginator-element p-link"
              type="button"
            >
              <span
                class="p-paginator-icon pi pi-angle-right"
              />
            </button>
            <button
              class="p-paginator-last p-paginator-element p-link"
              type="button"
            >
              <span
                class="p-paginator-icon pi pi-angle-double-right"
              />
            </button>
          </div>
        </div>
      </div>
      <div
        class="p-splitter-gutter"
        style="width: 4px;"
      >
        <div
          class="p-splitter-gutter-handle"
        />
      </div>
      <div
        class="p-splitter-panel p-splitter-panel-nested"
        style="flex-basis: calc(10% - 8px);"
      >
        <div
          style="width: 200px;"
        />
      </div>
    </div>
  </div>
</div>
`;
